// Jest Snapshot v1, https://goo.gl/fbAQLP

exports[`render Shop without data 1`] = `
<section
  className="shop-page"
>
  <h2>
    -
  </h2>
  <h4>
    <i>
      Houston
      , 
      TX
    </i>
  </h4>
  <section
    className="shop-tea-ranking"
  >
    <h3>
      Top 5 Drinks
    </h3>
    <ol>
      <li>
        <span>
           
        </span>
        <p
          className="average-rating"
        >
          Average Rating: 
          0.00
        </p>
        <div
          className="shop-drinks-rating"
        >
          <svg
            aria-hidden="true"
            className="svg-inline--fa fa-star fa-w-18 star-unrated"
            data-icon="star"
            data-prefix="fas"
            focusable="false"
            role="img"
            style={Object {}}
            viewBox="0 0 576 512"
            xmlns="http://www.w3.org/2000/svg"
          >
            <path
              d="M259.3 17.8L194 150.2 47.9 171.5c-26.2 3.8-36.7 36.1-17.7 54.6l105.7 103-25 145.5c-4.5 26.3 23.2 46 46.4 33.7L288 439.6l130.7 68.7c23.2 12.2 50.9-7.4 46.4-33.7l-25-145.5 105.7-103c19-18.5 8.5-50.8-17.7-54.6L382 150.2 316.7 17.8c-11.7-23.6-45.6-23.9-57.4 0z"
              fill="currentColor"
              style={Object {}}
            />
          </svg>
          <svg
            aria-hidden="true"
            className="svg-inline--fa fa-star fa-w-18 star-unrated"
            data-icon="star"
            data-prefix="fas"
            focusable="false"
            role="img"
            style={Object {}}
            viewBox="0 0 576 512"
            xmlns="http://www.w3.org/2000/svg"
          >
            <path
              d="M259.3 17.8L194 150.2 47.9 171.5c-26.2 3.8-36.7 36.1-17.7 54.6l105.7 103-25 145.5c-4.5 26.3 23.2 46 46.4 33.7L288 439.6l130.7 68.7c23.2 12.2 50.9-7.4 46.4-33.7l-25-145.5 105.7-103c19-18.5 8.5-50.8-17.7-54.6L382 150.2 316.7 17.8c-11.7-23.6-45.6-23.9-57.4 0z"
              fill="currentColor"
              style={Object {}}
            />
          </svg>
          <svg
            aria-hidden="true"
            className="svg-inline--fa fa-star fa-w-18 star-unrated"
            data-icon="star"
            data-prefix="fas"
            focusable="false"
            role="img"
            style={Object {}}
            viewBox="0 0 576 512"
            xmlns="http://www.w3.org/2000/svg"
          >
            <path
              d="M259.3 17.8L194 150.2 47.9 171.5c-26.2 3.8-36.7 36.1-17.7 54.6l105.7 103-25 145.5c-4.5 26.3 23.2 46 46.4 33.7L288 439.6l130.7 68.7c23.2 12.2 50.9-7.4 46.4-33.7l-25-145.5 105.7-103c19-18.5 8.5-50.8-17.7-54.6L382 150.2 316.7 17.8c-11.7-23.6-45.6-23.9-57.4 0z"
              fill="currentColor"
              style={Object {}}
            />
          </svg>
          <svg
            aria-hidden="true"
            className="svg-inline--fa fa-star fa-w-18 star-unrated"
            data-icon="star"
            data-prefix="fas"
            focusable="false"
            role="img"
            style={Object {}}
            viewBox="0 0 576 512"
            xmlns="http://www.w3.org/2000/svg"
          >
            <path
              d="M259.3 17.8L194 150.2 47.9 171.5c-26.2 3.8-36.7 36.1-17.7 54.6l105.7 103-25 145.5c-4.5 26.3 23.2 46 46.4 33.7L288 439.6l130.7 68.7c23.2 12.2 50.9-7.4 46.4-33.7l-25-145.5 105.7-103c19-18.5 8.5-50.8-17.7-54.6L382 150.2 316.7 17.8c-11.7-23.6-45.6-23.9-57.4 0z"
              fill="currentColor"
              style={Object {}}
            />
          </svg>
          <svg
            aria-hidden="true"
            className="svg-inline--fa fa-star fa-w-18 star-unrated"
            data-icon="star"
            data-prefix="fas"
            focusable="false"
            role="img"
            style={Object {}}
            viewBox="0 0 576 512"
            xmlns="http://www.w3.org/2000/svg"
          >
            <path
              d="M259.3 17.8L194 150.2 47.9 171.5c-26.2 3.8-36.7 36.1-17.7 54.6l105.7 103-25 145.5c-4.5 26.3 23.2 46 46.4 33.7L288 439.6l130.7 68.7c23.2 12.2 50.9-7.4 46.4-33.7l-25-145.5 105.7-103c19-18.5 8.5-50.8-17.7-54.6L382 150.2 316.7 17.8c-11.7-23.6-45.6-23.9-57.4 0z"
              fill="currentColor"
              style={Object {}}
            />
          </svg>
        </div>
        <p
          className="rating-count"
        >
          (
           
           Ratings)
        </p>
      </li>
      <li>
        <span>
           
        </span>
        <p
          className="average-rating"
        >
          Average Rating: 
          0.00
        </p>
        <div
          className="shop-drinks-rating"
        >
          <svg
            aria-hidden="true"
            className="svg-inline--fa fa-star fa-w-18 star-unrated"
            data-icon="star"
            data-prefix="fas"
            focusable="false"
            role="img"
            style={Object {}}
            viewBox="0 0 576 512"
            xmlns="http://www.w3.org/2000/svg"
          >
            <path
              d="M259.3 17.8L194 150.2 47.9 171.5c-26.2 3.8-36.7 36.1-17.7 54.6l105.7 103-25 145.5c-4.5 26.3 23.2 46 46.4 33.7L288 439.6l130.7 68.7c23.2 12.2 50.9-7.4 46.4-33.7l-25-145.5 105.7-103c19-18.5 8.5-50.8-17.7-54.6L382 150.2 316.7 17.8c-11.7-23.6-45.6-23.9-57.4 0z"
              fill="currentColor"
              style={Object {}}
            />
          </svg>
          <svg
            aria-hidden="true"
            className="svg-inline--fa fa-star fa-w-18 star-unrated"
            data-icon="star"
            data-prefix="fas"
            focusable="false"
            role="img"
            style={Object {}}
            viewBox="0 0 576 512"
            xmlns="http://www.w3.org/2000/svg"
          >
            <path
              d="M259.3 17.8L194 150.2 47.9 171.5c-26.2 3.8-36.7 36.1-17.7 54.6l105.7 103-25 145.5c-4.5 26.3 23.2 46 46.4 33.7L288 439.6l130.7 68.7c23.2 12.2 50.9-7.4 46.4-33.7l-25-145.5 105.7-103c19-18.5 8.5-50.8-17.7-54.6L382 150.2 316.7 17.8c-11.7-23.6-45.6-23.9-57.4 0z"
              fill="currentColor"
              style={Object {}}
            />
          </svg>
          <svg
            aria-hidden="true"
            className="svg-inline--fa fa-star fa-w-18 star-unrated"
            data-icon="star"
            data-prefix="fas"
            focusable="false"
            role="img"
            style={Object {}}
            viewBox="0 0 576 512"
            xmlns="http://www.w3.org/2000/svg"
          >
            <path
              d="M259.3 17.8L194 150.2 47.9 171.5c-26.2 3.8-36.7 36.1-17.7 54.6l105.7 103-25 145.5c-4.5 26.3 23.2 46 46.4 33.7L288 439.6l130.7 68.7c23.2 12.2 50.9-7.4 46.4-33.7l-25-145.5 105.7-103c19-18.5 8.5-50.8-17.7-54.6L382 150.2 316.7 17.8c-11.7-23.6-45.6-23.9-57.4 0z"
              fill="currentColor"
              style={Object {}}
            />
          </svg>
          <svg
            aria-hidden="true"
            className="svg-inline--fa fa-star fa-w-18 star-unrated"
            data-icon="star"
            data-prefix="fas"
            focusable="false"
            role="img"
            style={Object {}}
            viewBox="0 0 576 512"
            xmlns="http://www.w3.org/2000/svg"
          >
            <path
              d="M259.3 17.8L194 150.2 47.9 171.5c-26.2 3.8-36.7 36.1-17.7 54.6l105.7 103-25 145.5c-4.5 26.3 23.2 46 46.4 33.7L288 439.6l130.7 68.7c23.2 12.2 50.9-7.4 46.4-33.7l-25-145.5 105.7-103c19-18.5 8.5-50.8-17.7-54.6L382 150.2 316.7 17.8c-11.7-23.6-45.6-23.9-57.4 0z"
              fill="currentColor"
              style={Object {}}
            />
          </svg>
          <svg
            aria-hidden="true"
            className="svg-inline--fa fa-star fa-w-18 star-unrated"
            data-icon="star"
            data-prefix="fas"
            focusable="false"
            role="img"
            style={Object {}}
            viewBox="0 0 576 512"
            xmlns="http://www.w3.org/2000/svg"
          >
            <path
              d="M259.3 17.8L194 150.2 47.9 171.5c-26.2 3.8-36.7 36.1-17.7 54.6l105.7 103-25 145.5c-4.5 26.3 23.2 46 46.4 33.7L288 439.6l130.7 68.7c23.2 12.2 50.9-7.4 46.4-33.7l-25-145.5 105.7-103c19-18.5 8.5-50.8-17.7-54.6L382 150.2 316.7 17.8c-11.7-23.6-45.6-23.9-57.4 0z"
              fill="currentColor"
              style={Object {}}
            />
          </svg>
        </div>
        <p
          className="rating-count"
        >
          (
           
           Ratings)
        </p>
      </li>
      <li>
        <span>
           
        </span>
        <p
          className="average-rating"
        >
          Average Rating: 
          0.00
        </p>
        <div
          className="shop-drinks-rating"
        >
          <svg
            aria-hidden="true"
            className="svg-inline--fa fa-star fa-w-18 star-unrated"
            data-icon="star"
            data-prefix="fas"
            focusable="false"
            role="img"
            style={Object {}}
            viewBox="0 0 576 512"
            xmlns="http://www.w3.org/2000/svg"
          >
            <path
              d="M259.3 17.8L194 150.2 47.9 171.5c-26.2 3.8-36.7 36.1-17.7 54.6l105.7 103-25 145.5c-4.5 26.3 23.2 46 46.4 33.7L288 439.6l130.7 68.7c23.2 12.2 50.9-7.4 46.4-33.7l-25-145.5 105.7-103c19-18.5 8.5-50.8-17.7-54.6L382 150.2 316.7 17.8c-11.7-23.6-45.6-23.9-57.4 0z"
              fill="currentColor"
              style={Object {}}
            />
          </svg>
          <svg
            aria-hidden="true"
            className="svg-inline--fa fa-star fa-w-18 star-unrated"
            data-icon="star"
            data-prefix="fas"
            focusable="false"
            role="img"
            style={Object {}}
            viewBox="0 0 576 512"
            xmlns="http://www.w3.org/2000/svg"
          >
            <path
              d="M259.3 17.8L194 150.2 47.9 171.5c-26.2 3.8-36.7 36.1-17.7 54.6l105.7 103-25 145.5c-4.5 26.3 23.2 46 46.4 33.7L288 439.6l130.7 68.7c23.2 12.2 50.9-7.4 46.4-33.7l-25-145.5 105.7-103c19-18.5 8.5-50.8-17.7-54.6L382 150.2 316.7 17.8c-11.7-23.6-45.6-23.9-57.4 0z"
              fill="currentColor"
              style={Object {}}
            />
          </svg>
          <svg
            aria-hidden="true"
            className="svg-inline--fa fa-star fa-w-18 star-unrated"
            data-icon="star"
            data-prefix="fas"
            focusable="false"
            role="img"
            style={Object {}}
            viewBox="0 0 576 512"
            xmlns="http://www.w3.org/2000/svg"
          >
            <path
              d="M259.3 17.8L194 150.2 47.9 171.5c-26.2 3.8-36.7 36.1-17.7 54.6l105.7 103-25 145.5c-4.5 26.3 23.2 46 46.4 33.7L288 439.6l130.7 68.7c23.2 12.2 50.9-7.4 46.4-33.7l-25-145.5 105.7-103c19-18.5 8.5-50.8-17.7-54.6L382 150.2 316.7 17.8c-11.7-23.6-45.6-23.9-57.4 0z"
              fill="currentColor"
              style={Object {}}
            />
          </svg>
          <svg
            aria-hidden="true"
            className="svg-inline--fa fa-star fa-w-18 star-unrated"
            data-icon="star"
            data-prefix="fas"
            focusable="false"
            role="img"
            style={Object {}}
            viewBox="0 0 576 512"
            xmlns="http://www.w3.org/2000/svg"
          >
            <path
              d="M259.3 17.8L194 150.2 47.9 171.5c-26.2 3.8-36.7 36.1-17.7 54.6l105.7 103-25 145.5c-4.5 26.3 23.2 46 46.4 33.7L288 439.6l130.7 68.7c23.2 12.2 50.9-7.4 46.4-33.7l-25-145.5 105.7-103c19-18.5 8.5-50.8-17.7-54.6L382 150.2 316.7 17.8c-11.7-23.6-45.6-23.9-57.4 0z"
              fill="currentColor"
              style={Object {}}
            />
          </svg>
          <svg
            aria-hidden="true"
            className="svg-inline--fa fa-star fa-w-18 star-unrated"
            data-icon="star"
            data-prefix="fas"
            focusable="false"
            role="img"
            style={Object {}}
            viewBox="0 0 576 512"
            xmlns="http://www.w3.org/2000/svg"
          >
            <path
              d="M259.3 17.8L194 150.2 47.9 171.5c-26.2 3.8-36.7 36.1-17.7 54.6l105.7 103-25 145.5c-4.5 26.3 23.2 46 46.4 33.7L288 439.6l130.7 68.7c23.2 12.2 50.9-7.4 46.4-33.7l-25-145.5 105.7-103c19-18.5 8.5-50.8-17.7-54.6L382 150.2 316.7 17.8c-11.7-23.6-45.6-23.9-57.4 0z"
              fill="currentColor"
              style={Object {}}
            />
          </svg>
        </div>
        <p
          className="rating-count"
        >
          (
           
           Ratings)
        </p>
      </li>
      <li>
        <span>
           
        </span>
        <p
          className="average-rating"
        >
          Average Rating: 
          0.00
        </p>
        <div
          className="shop-drinks-rating"
        >
          <svg
            aria-hidden="true"
            className="svg-inline--fa fa-star fa-w-18 star-unrated"
            data-icon="star"
            data-prefix="fas"
            focusable="false"
            role="img"
            style={Object {}}
            viewBox="0 0 576 512"
            xmlns="http://www.w3.org/2000/svg"
          >
            <path
              d="M259.3 17.8L194 150.2 47.9 171.5c-26.2 3.8-36.7 36.1-17.7 54.6l105.7 103-25 145.5c-4.5 26.3 23.2 46 46.4 33.7L288 439.6l130.7 68.7c23.2 12.2 50.9-7.4 46.4-33.7l-25-145.5 105.7-103c19-18.5 8.5-50.8-17.7-54.6L382 150.2 316.7 17.8c-11.7-23.6-45.6-23.9-57.4 0z"
              fill="currentColor"
              style={Object {}}
            />
          </svg>
          <svg
            aria-hidden="true"
            className="svg-inline--fa fa-star fa-w-18 star-unrated"
            data-icon="star"
            data-prefix="fas"
            focusable="false"
            role="img"
            style={Object {}}
            viewBox="0 0 576 512"
            xmlns="http://www.w3.org/2000/svg"
          >
            <path
              d="M259.3 17.8L194 150.2 47.9 171.5c-26.2 3.8-36.7 36.1-17.7 54.6l105.7 103-25 145.5c-4.5 26.3 23.2 46 46.4 33.7L288 439.6l130.7 68.7c23.2 12.2 50.9-7.4 46.4-33.7l-25-145.5 105.7-103c19-18.5 8.5-50.8-17.7-54.6L382 150.2 316.7 17.8c-11.7-23.6-45.6-23.9-57.4 0z"
              fill="currentColor"
              style={Object {}}
            />
          </svg>
          <svg
            aria-hidden="true"
            className="svg-inline--fa fa-star fa-w-18 star-unrated"
            data-icon="star"
            data-prefix="fas"
            focusable="false"
            role="img"
            style={Object {}}
            viewBox="0 0 576 512"
            xmlns="http://www.w3.org/2000/svg"
          >
            <path
              d="M259.3 17.8L194 150.2 47.9 171.5c-26.2 3.8-36.7 36.1-17.7 54.6l105.7 103-25 145.5c-4.5 26.3 23.2 46 46.4 33.7L288 439.6l130.7 68.7c23.2 12.2 50.9-7.4 46.4-33.7l-25-145.5 105.7-103c19-18.5 8.5-50.8-17.7-54.6L382 150.2 316.7 17.8c-11.7-23.6-45.6-23.9-57.4 0z"
              fill="currentColor"
              style={Object {}}
            />
          </svg>
          <svg
            aria-hidden="true"
            className="svg-inline--fa fa-star fa-w-18 star-unrated"
            data-icon="star"
            data-prefix="fas"
            focusable="false"
            role="img"
            style={Object {}}
            viewBox="0 0 576 512"
            xmlns="http://www.w3.org/2000/svg"
          >
            <path
              d="M259.3 17.8L194 150.2 47.9 171.5c-26.2 3.8-36.7 36.1-17.7 54.6l105.7 103-25 145.5c-4.5 26.3 23.2 46 46.4 33.7L288 439.6l130.7 68.7c23.2 12.2 50.9-7.4 46.4-33.7l-25-145.5 105.7-103c19-18.5 8.5-50.8-17.7-54.6L382 150.2 316.7 17.8c-11.7-23.6-45.6-23.9-57.4 0z"
              fill="currentColor"
              style={Object {}}
            />
          </svg>
          <svg
            aria-hidden="true"
            className="svg-inline--fa fa-star fa-w-18 star-unrated"
            data-icon="star"
            data-prefix="fas"
            focusable="false"
            role="img"
            style={Object {}}
            viewBox="0 0 576 512"
            xmlns="http://www.w3.org/2000/svg"
          >
            <path
              d="M259.3 17.8L194 150.2 47.9 171.5c-26.2 3.8-36.7 36.1-17.7 54.6l105.7 103-25 145.5c-4.5 26.3 23.2 46 46.4 33.7L288 439.6l130.7 68.7c23.2 12.2 50.9-7.4 46.4-33.7l-25-145.5 105.7-103c19-18.5 8.5-50.8-17.7-54.6L382 150.2 316.7 17.8c-11.7-23.6-45.6-23.9-57.4 0z"
              fill="currentColor"
              style={Object {}}
            />
          </svg>
        </div>
        <p
          className="rating-count"
        >
          (
           
           Ratings)
        </p>
      </li>
      <li>
        <span>
           
        </span>
        <p
          className="average-rating"
        >
          Average Rating: 
          0.00
        </p>
        <div
          className="shop-drinks-rating"
        >
          <svg
            aria-hidden="true"
            className="svg-inline--fa fa-star fa-w-18 star-unrated"
            data-icon="star"
            data-prefix="fas"
            focusable="false"
            role="img"
            style={Object {}}
            viewBox="0 0 576 512"
            xmlns="http://www.w3.org/2000/svg"
          >
            <path
              d="M259.3 17.8L194 150.2 47.9 171.5c-26.2 3.8-36.7 36.1-17.7 54.6l105.7 103-25 145.5c-4.5 26.3 23.2 46 46.4 33.7L288 439.6l130.7 68.7c23.2 12.2 50.9-7.4 46.4-33.7l-25-145.5 105.7-103c19-18.5 8.5-50.8-17.7-54.6L382 150.2 316.7 17.8c-11.7-23.6-45.6-23.9-57.4 0z"
              fill="currentColor"
              style={Object {}}
            />
          </svg>
          <svg
            aria-hidden="true"
            className="svg-inline--fa fa-star fa-w-18 star-unrated"
            data-icon="star"
            data-prefix="fas"
            focusable="false"
            role="img"
            style={Object {}}
            viewBox="0 0 576 512"
            xmlns="http://www.w3.org/2000/svg"
          >
            <path
              d="M259.3 17.8L194 150.2 47.9 171.5c-26.2 3.8-36.7 36.1-17.7 54.6l105.7 103-25 145.5c-4.5 26.3 23.2 46 46.4 33.7L288 439.6l130.7 68.7c23.2 12.2 50.9-7.4 46.4-33.7l-25-145.5 105.7-103c19-18.5 8.5-50.8-17.7-54.6L382 150.2 316.7 17.8c-11.7-23.6-45.6-23.9-57.4 0z"
              fill="currentColor"
              style={Object {}}
            />
          </svg>
          <svg
            aria-hidden="true"
            className="svg-inline--fa fa-star fa-w-18 star-unrated"
            data-icon="star"
            data-prefix="fas"
            focusable="false"
            role="img"
            style={Object {}}
            viewBox="0 0 576 512"
            xmlns="http://www.w3.org/2000/svg"
          >
            <path
              d="M259.3 17.8L194 150.2 47.9 171.5c-26.2 3.8-36.7 36.1-17.7 54.6l105.7 103-25 145.5c-4.5 26.3 23.2 46 46.4 33.7L288 439.6l130.7 68.7c23.2 12.2 50.9-7.4 46.4-33.7l-25-145.5 105.7-103c19-18.5 8.5-50.8-17.7-54.6L382 150.2 316.7 17.8c-11.7-23.6-45.6-23.9-57.4 0z"
              fill="currentColor"
              style={Object {}}
            />
          </svg>
          <svg
            aria-hidden="true"
            className="svg-inline--fa fa-star fa-w-18 star-unrated"
            data-icon="star"
            data-prefix="fas"
            focusable="false"
            role="img"
            style={Object {}}
            viewBox="0 0 576 512"
            xmlns="http://www.w3.org/2000/svg"
          >
            <path
              d="M259.3 17.8L194 150.2 47.9 171.5c-26.2 3.8-36.7 36.1-17.7 54.6l105.7 103-25 145.5c-4.5 26.3 23.2 46 46.4 33.7L288 439.6l130.7 68.7c23.2 12.2 50.9-7.4 46.4-33.7l-25-145.5 105.7-103c19-18.5 8.5-50.8-17.7-54.6L382 150.2 316.7 17.8c-11.7-23.6-45.6-23.9-57.4 0z"
              fill="currentColor"
              style={Object {}}
            />
          </svg>
          <svg
            aria-hidden="true"
            className="svg-inline--fa fa-star fa-w-18 star-unrated"
            data-icon="star"
            data-prefix="fas"
            focusable="false"
            role="img"
            style={Object {}}
            viewBox="0 0 576 512"
            xmlns="http://www.w3.org/2000/svg"
          >
            <path
              d="M259.3 17.8L194 150.2 47.9 171.5c-26.2 3.8-36.7 36.1-17.7 54.6l105.7 103-25 145.5c-4.5 26.3 23.2 46 46.4 33.7L288 439.6l130.7 68.7c23.2 12.2 50.9-7.4 46.4-33.7l-25-145.5 105.7-103c19-18.5 8.5-50.8-17.7-54.6L382 150.2 316.7 17.8c-11.7-23.6-45.6-23.9-57.4 0z"
              fill="currentColor"
              style={Object {}}
            />
          </svg>
        </div>
        <p
          className="rating-count"
        >
          (
           
           Ratings)
        </p>
      </li>
    </ol>
  </section>
  <section
    className="shop-tea-list"
  >
    <h3>
      List of Drinks
    </h3>
    <p
      className="list-notice"
    >
      Please log in to leave a rating
    </p>
    <p>
      <i>
        Looks like no drinks have been added to this store yet. Add some drinks below!
      </i>
    </p>
    <ul />
    <form
      className="add-drink"
      onSubmit={[Function]}
    >
      <h5>
        <i>
          Don't see a drink? Add it below!
        </i>
      </h5>
      <input
        id="drink-name-input"
        name="drink-name"
        placeholder="Name of drink"
        required={true}
        type="text"
      />
      <button
        type="submit"
      >
        Add Drink!
      </button>
    </form>
  </section>
  <section
    className="shop-comments"
  >
    <h3>
      Comments
    </h3>
    <p>
      <i>
        Be the first to comment!
      </i>
    </p>
    <ul
      className="shop-comment-list"
    />
    <form
      onSubmit={[Function]}
    >
      <textarea
        id="text"
        maxLength="500"
        name="text"
        placeholder="Write a comment here"
        required={true}
      />
      <br />
      <button
        type="submit"
      >
        Post Comment
      </button>
    </form>
  </section>
</section>
`;
